 WARN  The "workspaces" field in package.json is not supported by pnpm. Create a "pnpm-workspace.yaml" file instead.

> freellmapi@ dev /app
> concurrently --kill-others-on-fail --names server,client "npm run dev -w server" "npm run dev -w client"

[server] npm warn Unknown env config "verify-deps-before-run". This will stop working in the next major version of npm. See `npm help npmrc` for supported config options.
[server] npm warn Unknown env config "npm-globalconfig". This will stop working in the next major version of npm. See `npm help npmrc` for supported config options.
[server] npm warn Unknown env config "_jsr-registry". This will stop working in the next major version of npm. See `npm help npmrc` for supported config options.
[client] npm warn Unknown env config "verify-deps-before-run". This will stop working in the next major version of npm. See `npm help npmrc` for supported config options.
[client] npm warn Unknown env config "npm-globalconfig". This will stop working in the next major version of npm. See `npm help npmrc` for supported config options.
[client] npm warn Unknown env config "_jsr-registry". This will stop working in the next major version of npm. See `npm help npmrc` for supported config options.
[server]
[server] > @freellmapi/server@0.2.1 dev
[server] > tsx watch src/index.ts
[server]
[client]
[client] > @freellmapi/client@0.0.0 dev
[client] > vite
[client]
[client]
[client]   VITE v8.0.14  ready in 557 ms
[client]
[client]   ➜  Local:   http://localhost:5173/
[client]   ➜  Network: use --host to expose
[server] ◇ injected env (0) from ../.env // tip: ⌁ auth for agents [www.vestauth.com]
[server] [crypto] No ENCRYPTION_KEY set — generated and persisted a local dev key. Set ENCRYPTION_KEY for production.
[server] Seeded 25 models and fallback config
[server]
[server]   Your unified API key: freellmapi-48b7eb67a5ea952b766614d63d4747a40076a89437923d49
[server]
[server] Database initialized at /app/server/data/freeapi.db
[server] Server running on http://[::]:3001
[server] Proxy endpoint: http://[::]:3001/v1/chat/completions
[server] [Health] Starting health checker (every 300s)
[server] [AutoHeal] Passive diagnostic worker started.
[client] 12:40:13 AM [vite] (client) [optimizer] bundling dependencies...
